Γû▓ Next.js 16.1.6 (Turbopack)
- Environments: .env.local, .env

  Creating an optimized production build ...
Γ£ô Compiled successfully in 10.0s
  Running TypeScript ...
  Collecting page data using 11 workers ...
  Generating static pages using 11 workers (0/9) ...
  Generating static pages using 11 workers (2/9) 
  Generating static pages using 11 workers (4/9) 
  Generating static pages using 11 workers (6/9) 
Γ£ô Generating static pages using 11 workers (9/9) in 473.0ms
  Finalizing page optimization ...

Route (app)
Γöî Γùï /_not-found
Γö£ ╞Æ /[locale]
Γö£ ╞Æ /[locale]/admin/adjustments
Γö£ ╞Æ /[locale]/admin/attendance
Γö£ ╞Æ /[locale]/admin/coaches
Γö£ ╞Æ /[locale]/admin/coaches/[id]
Γö£ ╞Æ /[locale]/admin/courses
Γö£ ╞Æ /[locale]/admin/courses/[id]/coaches
Γö£ ╞Æ /[locale]/admin/courses/[id]/students
Γö£ ╞Æ /[locale]/admin/courses/edit/[id]
Γö£ ╞Æ /[locale]/admin/courses/new
Γö£ ╞Æ /[locale]/admin/dashboard
Γö£ ╞Æ /[locale]/admin/financial
Γö£ ╞Æ /[locale]/admin/invoices
Γö£ ╞Æ /[locale]/admin/invoices/preview
Γö£ ╞Æ /[locale]/admin/reports
Γö£ ╞Æ /[locale]/admin/scheduling
Γö£ ╞Æ /[locale]/admin/sessions
Γö£ ╞Æ /[locale]/admin/sessions/edit/[id]
Γö£ ╞Æ /[locale]/admin/sessions/new
Γö£ ╞Æ /[locale]/admin/student-attendance
Γö£ ╞Æ /[locale]/admin/students
Γö£ ╞Æ /[locale]/admin/students/[id]/edit
Γö£ ╞Æ /[locale]/admin/students/new
Γö£ ╞Æ /[locale]/auth/callback
Γö£ ╞Æ /[locale]/coach/adjustments
Γö£ ╞Æ /[locale]/coach/attendance
Γö£ ╞Æ /[locale]/coach/courses
Γö£ ╞Æ /[locale]/coach/dashboard
Γö£ ╞Æ /[locale]/coach/invoices
Γö£ ╞Æ /[locale]/coach/sessions
Γö£ ╞Æ /[locale]/coach/sessions/edit/[id]
Γö£ ╞Æ /[locale]/coach/sessions/new
Γö£ ╞Æ /[locale]/coach/student-attendance
Γö£ ╞Æ /[locale]/login
Γö£ ╞Æ /[locale]/reset-password
Γö£ ╞Æ /[locale]/settings
Γö£ ╞Æ /api/admin/attendance/mark
Γö£ ╞Æ /api/admin/coaches
Γö£ ╞Æ /api/admin/coaches/[id]
Γö£ ╞Æ /api/admin/invoices/send
Γö£ ╞Æ /api/admin/users
Γö£ ╞Æ /api/admin/users/[id]
Γö£ ╞Æ /api/coach/attendance/mark
Γöö ╞Æ /api/export


╞Æ Proxy (Middleware)

Γùï  (Static)   prerendered as static content
╞Æ  (Dynamic)  server-rendered on demand

